Input #0, mov,mp4,m4a,3gp,3g2,mj2, from '/Users/nocoo/workspace/personal/hermes-on-herdr/video/20260912T142005+0800/public/review/hermes-on-herdr-context-en.mp4':
  Metadata:
    major_brand     : isom
    minor_version   : 512
    compatible_brands: isomiso2avc1mp41
    title           : Context is control — hermes on herdr
    encoder         : Lavf63.1.101
    comment         : Made with Remotion 4.0.520
  Duration: 00:01:36.50, start: 0.000000, bitrate: 469 kb/s
  Stream #0:0[0x1](und): Video: h264 (High) (avc1 / 0x31637661), yuvj420p(pc, bt470bg/unknown/unknown, progressive), 1920x1080 [SAR 1:1 DAR 16:9], 268 kb/s, 30 fps, 30 tbr, 90k tbn (default)
    Metadata:
      handler_name    : VideoHandler
    Side data:
      ICC Profile: (456 bytes)
  Stream #0:1[0x2](eng): Audio: aac (LC) (mp4a / 0x6134706D), 48000 Hz, stereo, fltp, 192 kb/s (default)
    Metadata:
      handler_name    : SoundHandler
Stream mapping:
  Stream #0:0 -> #0:0 (h264 (native) -> wrapped_avframe (native))
  Stream #0:1 -> #0:1 (aac (native) -> pcm_s16le (native))
Press [q] to stop, [?] for help
Output #0, null, to 'pipe:':
  Metadata:
    major_brand     : isom
    minor_version   : 512
    compatible_brands: isomiso2avc1mp41
    title           : Context is control — hermes on herdr
    comment         : Made with Remotion 4.0.520
    encoder         : Lavf63.1.101
  Stream #0:0(und): Video: wrapped_avframe, yuvj420p(pc, bt470bg/unknown/unknown, progressive), 1920x1080 [SAR 1:1 DAR 16:9], q=2-31, 200 kb/s, 30 fps, 30 tbn (default)
    Metadata:
      encoder         : Lavc63.1.101 wrapped_avframe
      handler_name    : VideoHandler
    Side data:
      ICC Profile: (456 bytes)
  Stream #0:1(eng): Audio: pcm_s16le, 48000 Hz, stereo, s16, 1536 kb/s (default)
    Metadata:
      encoder         : Lavc63.1.101 pcm_s16le
      handler_name    : SoundHandler
[out#0/null @ 0xb6ec64300] video:1199KiB audio:18094KiB subtitle:0KiB other streams:0KiB global headers:0KiB muxing overhead: unknown
frame= 2895 fps=0.0 q=-0.0 Lsize=N/A time=00:01:36.50 bitrate=N/A speed= 200x elapsed=0:00:00.48    
